2026-07-19 20:33:13 | INFO     | logging:callHandlers:1762 - Reading protein sequences: protein.faa
2026-07-19 20:33:13 | INFO     | logging:callHandlers:1762 - Read 3591 protein sequences in total
2026-07-19 20:33:13 | INFO     | logging:callHandlers:1762 - Loading signal peptide HMM model...
2026-07-19 20:33:14 | INFO     | logging:callHandlers:1762 - Analyzing protein sequences (signal peptide prediction, amino acid frequency computation)...
2026-07-19 20:33:15 | INFO     | logging:callHandlers:1762 - Valid protein count: 3591
2026-07-19 20:33:15 | INFO     | logging:callHandlers:1762 - Performing protein localization classification...
2026-07-19 20:33:15 | INFO     | logging:callHandlers:1762 - Localization results: extracellular_soluble=133, intracellular_soluble=3028, membrane=430
2026-07-19 20:33:15 | INFO     | logging:callHandlers:1762 - Loading models from c:\users\任师杰\downloads\metharct-main\metharct\core\ph_predictor\models...
2026-07-19 20:33:15 | INFO     | logging:callHandlers:1762 -   Loaded: ph_optimum
2026-07-19 20:33:15 | INFO     | logging:callHandlers:1762 -   Loaded: ph_max
2026-07-19 20:33:15 | INFO     | logging:callHandlers:1762 -   Loaded: ph_min
2026-07-19 20:33:15 | INFO     | logging:callHandlers:1762 -   Loaded: error_ph_optimum
2026-07-19 20:33:15 | INFO     | logging:callHandlers:1762 -   Loaded: error_ph_max
2026-07-19 20:33:15 | INFO     | logging:callHandlers:1762 -   Loaded: error_ph_min
2026-07-19 20:33:15 | INFO     | logging:callHandlers:1762 -   Loaded: novelty_ph
2026-07-19 20:33:15 | INFO     | logging:callHandlers:1762 - ph_optimum = 6.3581 (error: 1.0351, novel: False, warning: None)
2026-07-19 20:33:15 | INFO     | logging:callHandlers:1762 - ph_max = 8.3544 (error: 1.2679, novel: False, warning: None)
2026-07-19 20:33:15 | INFO     | logging:callHandlers:1762 - ph_min = 5.2120 (error: 0.8814, novel: False, warning: None)
2026-07-19 20:44:32 | INFO     | logging:callHandlers:1762 - Reading protein sequences: protein.faa
2026-07-19 20:44:32 | INFO     | logging:callHandlers:1762 - Read 3591 protein sequences in total
2026-07-19 20:44:32 | INFO     | logging:callHandlers:1762 - Loading signal peptide HMM model...
2026-07-19 20:44:32 | INFO     | logging:callHandlers:1762 - Analyzing protein sequences (signal peptide prediction, amino acid frequency computation)...
2026-07-19 20:44:34 | INFO     | logging:callHandlers:1762 - Valid protein count: 3591
2026-07-19 20:44:34 | INFO     | logging:callHandlers:1762 - Performing protein localization classification...
2026-07-19 20:44:34 | INFO     | logging:callHandlers:1762 - Localization results: extracellular_soluble=133, intracellular_soluble=3028, membrane=430
2026-07-19 20:44:34 | INFO     | logging:callHandlers:1762 - Loading models from c:\users\任师杰\downloads\metharct-main\metharct\core\ph_predictor\models...
2026-07-19 20:44:34 | INFO     | logging:callHandlers:1762 -   Loaded: ph_optimum
2026-07-19 20:44:34 | INFO     | logging:callHandlers:1762 -   Loaded: ph_max
2026-07-19 20:44:34 | INFO     | logging:callHandlers:1762 -   Loaded: ph_min
2026-07-19 20:44:34 | INFO     | logging:callHandlers:1762 -   Loaded: error_ph_optimum
2026-07-19 20:44:34 | INFO     | logging:callHandlers:1762 -   Loaded: error_ph_max
2026-07-19 20:44:34 | INFO     | logging:callHandlers:1762 -   Loaded: error_ph_min
2026-07-19 20:44:34 | INFO     | logging:callHandlers:1762 -   Loaded: novelty_ph
2026-07-19 20:44:34 | INFO     | logging:callHandlers:1762 - ph_optimum = 6.3581 (error: 1.0351, novel: False, warning: None)
2026-07-19 20:44:34 | INFO     | logging:callHandlers:1762 - ph_max = 8.3544 (error: 1.2679, novel: False, warning: None)
2026-07-19 20:44:34 | INFO     | logging:callHandlers:1762 - ph_min = 5.2120 (error: 0.8814, novel: False, warning: None)
